---
source: tests/test_basic.rs
expression: "vec![1, 2, 3]"
---
- 1.0
- 2.0
- 3.0

